// Jest Snapshot v1, https://goo.gl/fbAQLP

exports[`works 1`] = `
"export interface UsePoolsQuery<TData> extends ReactQueryParams<QueryPoolsResponse, TData> {
    request?: QueryPoolsRequest;
}
const usePools = <TData = QueryPoolsResponse>({ request, options }: UsePoolsQuery<TData>) => {
    return useQuery<QueryPoolsResponse, Error, TData>([\\"poolsQuery\\", request], () => {
        if (!queryService)
            throw new Error(\\"Query Service not initialized\\");
        return queryService.pools(request);
    }, options);
};"
`;
